positive	sentiment=positive
good	sentiment=positive
great	sentiment=positive
excellent	sentiment=positive
excellence	sentiment=positive
fine	sentiment=positive
nice	sentiment=positive
desirable	sentiment=positive
exquisite	sentiment=positive
fabulous	sentiment=positive
ideal	sentiment=positive
marvelous	sentiment=positive
perfect	sentiment=positive
perfection	sentiment=positive
splendid	sentiment=positive
wonderful	sentiment=positive
classy	sentiment=positive
elegance	sentiment=positive
elegant	sentiment=positive
beauty	sentiment=positive
beautiful	sentiment=positive
dazzling	sentiment=positive
amazing	sentiment=positive
magnificent	sentiment=positive
sensational	sentiment=positive
super	sentiment=positive
superb	sentiment=positive
terrific	sentiment=negative
exquisite	sentiment=negative
exceptional	sentiment=negative
heavenly	sentiment=negative
negative	sentiment=negative
bad	sentiment=negative
egregious	sentiment=negative
lousy	sentiment=negative
shameful	sentiment=negative
sinful	sentiment=negative
woeful	sentiment=negative
wretched	sentiment=negative
abominable	sentiment=negative
deplorable	sentiment=negative
despicable	sentiment=negative
detest	sentiment=negative
detestable	sentiment=negative
dreadful	sentiment=negative
infernal	sentiment=negative
terrible	sentiment=negative
vile	sentiment=negative
dire	sentiment=negative
sinister	sentiment=negative
undesirable	sentiment=negative
squalid	sentiment=negative
seamy	sentiment=negative
shoddy	sentiment=negative
sleazy	sentiment=negative
worthless	sentiment=negative
paltry	sentiment=negative
blemish	sentiment=negative
botch	sentiment=negative
bungle	sentiment=negative
grievous	sentiment=negative
hopeless	sentiment=negative
ill	sentiment=negative
pathetic	sentiment=negative
poor	sentiment=negative
sad	sentiment=negative
sorry	sentiment=negative
crummy	sentiment=negative
inferior	sentiment=negative
tacky	sentiment=negative
unacceptable	sentiment=negative
unsatisfactory	sentiment=negative
unworthy	sentiment=negative
awful	sentiment=negative
abysmal	sentiment=negative
rotten	sentiment=negative
filthy	sentiment=negative
foul	sentiment=negative
