positive	nrcSenHastag_sentiment=positive
good	nrcSenHastag_sentiment=positive
great	nrcSenHastag_sentiment=positive
excellent	nrcSenHastag_sentiment=positive
excellence	nrcSenHastag_sentiment=positive
fine	nrcSenHastag_sentiment=positive
nice	nrcSenHastag_sentiment=positive
desirable	nrcSenHastag_sentiment=positive
exquisite	nrcSenHastag_sentiment=positive
fabulous	nrcSenHastag_sentiment=positive
ideal	nrcSenHastag_sentiment=positive
marvelous	nrcSenHastag_sentiment=positive
perfect	nrcSenHastag_sentiment=positive
perfection	nrcSenHastag_sentiment=positive
splendid	nrcSenHastag_sentiment=positive
wonderful	nrcSenHastag_sentiment=positive
classy	nrcSenHastag_sentiment=positive
elegance	nrcSenHastag_sentiment=positive
elegant	nrcSenHastag_sentiment=positive
beauty	nrcSenHastag_sentiment=positive
beautiful	nrcSenHastag_sentiment=positive
dazzling	nrcSenHastag_sentiment=positive
amazing	nrcSenHastag_sentiment=positive
magnificent	nrcSenHastag_sentiment=positive
sensational	nrcSenHastag_sentiment=positive
super	nrcSenHastag_sentiment=positive
superb	nrcSenHastag_sentiment=positive
terrific	nrcSenHastag_sentiment=negative
exquisite	nrcSenHastag_sentiment=negative
exceptional	nrcSenHastag_sentiment=negative
heavenly	nrcSenHastag_sentiment=negative
negative	nrcSenHastag_sentiment=negative
bad	nrcSenHastag_sentiment=negative
egregious	nrcSenHastag_sentiment=negative
lousy	nrcSenHastag_sentiment=negative
shameful	nrcSenHastag_sentiment=negative
sinful	nrcSenHastag_sentiment=negative
woeful	nrcSenHastag_sentiment=negative
wretched	nrcSenHastag_sentiment=negative
abominable	nrcSenHastag_sentiment=negative
deplorable	nrcSenHastag_sentiment=negative
despicable	nrcSenHastag_sentiment=negative
detest	nrcSenHastag_sentiment=negative
detestable	nrcSenHastag_sentiment=negative
dreadful	nrcSenHastag_sentiment=negative
infernal	nrcSenHastag_sentiment=negative
terrible	nrcSenHastag_sentiment=negative
vile	nrcSenHastag_sentiment=negative
dire	nrcSenHastag_sentiment=negative
sinister	nrcSenHastag_sentiment=negative
undesirable	nrcSenHastag_sentiment=negative
squalid	nrcSenHastag_sentiment=negative
seamy	nrcSenHastag_sentiment=negative
shoddy	nrcSenHastag_sentiment=negative
sleazy	nrcSenHastag_sentiment=negative
worthless	nrcSenHastag_sentiment=negative
paltry	nrcSenHastag_sentiment=negative
blemish	nrcSenHastag_sentiment=negative
botch	nrcSenHastag_sentiment=negative
bungle	nrcSenHastag_sentiment=negative
grievous	nrcSenHastag_sentiment=negative
hopeless	nrcSenHastag_sentiment=negative
ill	nrcSenHastag_sentiment=negative
pathetic	nrcSenHastag_sentiment=negative
poor	nrcSenHastag_sentiment=negative
sad	nrcSenHastag_sentiment=negative
sorry	nrcSenHastag_sentiment=negative
crummy	nrcSenHastag_sentiment=negative
inferior	nrcSenHastag_sentiment=negative
tacky	nrcSenHastag_sentiment=negative
unacceptable	nrcSenHastag_sentiment=negative
unsatisfactory	nrcSenHastag_sentiment=negative
unworthy	nrcSenHastag_sentiment=negative
awful	nrcSenHastag_sentiment=negative
abysmal	nrcSenHastag_sentiment=negative
rotten	nrcSenHastag_sentiment=negative
filthy	nrcSenHastag_sentiment=negative
foul	nrcSenHastag_sentiment=negative
