positive	s=1
good	s=1
great	s=1
excellent	s=1
excellence	s=1
fine	s=1
nice	s=1
desirable	s=1
exquisite	s=1
fabulous	s=1
ideal	s=1
marvelous	s=1
perfect	s=1
perfection	s=1
splendid	s=1
wonderful	s=1
classy	s=1
elegance	s=1
elegant	s=1
beauty	s=1
beautiful	s=1
dazzling	s=1
amazing	s=1
magnificent	s=1
sensational	s=1
super	s=1
superb	s=1
terrific	s=-1
exquisite	s=-1
exceptional	s=-1
heavenly	s=-1
negative	s=-1
bad	s=-1
egregious	s=-1
lousy	s=-1
shameful	s=-1
sinful	s=-1
woeful	s=-1
wretched	s=-1
abominable	s=-1
deplorable	s=-1
despicable	s=-1
detest	s=-1
detestable	s=-1
dreadful	s=-1
infernal	s=-1
terrible	s=-1
vile	s=-1
dire	s=-1
sinister	s=-1
undesirable	s=-1
squalid	s=-1
seamy	s=-1
shoddy	s=-1
sleazy	s=-1
worthless	s=-1
paltry	s=-1
blemish	s=-1
botch	s=-1
bungle	s=-1
grievous	s=-1
hopeless	s=-1
ill	s=-1
pathetic	s=-1
poor	s=-1
sad	s=-1
sorry	s=-1
crummy	s=-1
inferior	s=-1
tacky	s=-1
unacceptable	s=-1
unsatisfactory	s=-1
unworthy	s=-1
awful	s=-1
abysmal	s=-1
rotten	s=-1
filthy	s=-1
foul	s=-1
